{"numTotalTestSuites":6,"numPassedTestSuites":6,"numFailedTestSuites":0,"numPendingTestSuites":0,"numTotalTests":10,"numPassedTests":10,"numFailedTests":0,"numPendingTests":0,"numTodoTests":0,"startTime":1779356172886,"success":true,"testResults":[{"assertionResults":[{"ancestorTitles":["","validateRevenueEntry"],"fullName":" validateRevenueEntry should return error for empty stall name","status":"passed","title":"should return error for empty stall name","duration":5,"failureMessages":[]},{"ancestorTitles":["","validateRevenueEntry"],"fullName":" validateRevenueEntry should return error for negative amount","status":"passed","title":"should return error for negative amount","duration":0,"failureMessages":[]},{"ancestorTitles":["","validateRevenueEntry"],"fullName":" validateRevenueEntry should pass for valid entry","status":"passed","title":"should pass for valid entry","duration":1,"failureMessages":[]},{"ancestorTitles":["","validateRevenueEntries"],"fullName":" validateRevenueEntries should return error for empty array","status":"passed","title":"should return error for empty array","duration":2,"failureMessages":[]},{"ancestorTitles":["","validateRevenueEntries"],"fullName":" validateRevenueEntries should return errors for multiple invalid entries","status":"passed","title":"should return errors for multiple invalid entries","duration":1,"failureMessages":[]},{"ancestorTitles":["","validateProjectForm"],"fullName":" validateProjectForm should return errors for empty fields","status":"passed","title":"should return errors for empty fields","duration":0,"failureMessages":[]},{"ancestorTitles":["","validateProjectForm"],"fullName":" validateProjectForm should return no errors for valid form","status":"passed","title":"should return no errors for valid form","duration":0,"failureMessages":[]},{"ancestorTitles":["","formatAmount"],"fullName":" formatAmount should format amount with ¥ symbol","status":"passed","title":"should format amount with ¥ symbol","duration":34,"failureMessages":[]},{"ancestorTitles":["","formatAmount"],"fullName":" formatAmount should include 2 decimal places","status":"passed","title":"should include 2 decimal places","duration":0,"failureMessages":[]},{"ancestorTitles":["","formatNumber"],"fullName":" formatNumber should format large numbers with commas","status":"passed","title":"should format large numbers with commas","duration":1,"failureMessages":[]}],"startTime":1779356175056,"endTime":1779356175102,"status":"passed","message":"","name":"C:/Users/25081/CodeBuddy/20260521140541/revenue-management/src/__tests__/validation.test.ts"}]}
